<html>
<body>
<pre>
<h1>礦ision Build Log</h1>
<h2>Tool Versions:</h2>
IDE-Version: μVision V5.25.3.0
Copyright (C) 2018 ARM Ltd and ARM Germany GmbH. All rights reserved.
License Information: 12 23, 3142, LIC=DSNVE-5Q8KA-EZMWX-HKZJS-8MH3R-K39XD
 
Tool Versions:
Toolchain:       MDK-ARM Professional  Version: 5.25.2.0
Toolchain Path:  C:\CCS\MDK\MDK525\ARM\ARMCC\Bin
C Compiler:      Armcc.exe V5.06 update 6 (build 750)
Assembler:       Armasm.exe V5.06 update 6 (build 750)
Linker/Locator:  ArmLink.exe V5.06 update 6 (build 750)
Library Manager: ArmAr.exe V5.06 update 6 (build 750)
Hex Converter:   FromElf.exe V5.06 update 6 (build 750)
CPU DLL:         SARMCM3.DLL V5.25.2.0
Dialog DLL:      DCM.DLL V1.17.1.0
Target DLL:      STLink\ST-LINKIII-KEIL_SWO.dll V3.0.1.0
Dialog DLL:      TCM.DLL V1.35.1.0
 
<h2>Project:</h2>
C:\CCS\实习--驭势科技\stm32code 触发与蓝牙同时控制，小车行驶距离由蓝牙实时控制，且不会多次触发 - 副本\USER\Minibalance.uvproj
Project File Date:  08/10/2018

<h2>Output:</h2>
*** Using Compiler 'V5.06 update 6 (build 750)', folder: 'C:\CCS\MDK\MDK525\ARM\ARMCC\Bin'
Rebuild target 'Target 1'
assembling startup_stm32f10x_hd.s...
compiling delay.c...
compiling Minibalance.c...
compiling sys.c...
compiling LED.C...
compiling usart.c...
compiling key.c...
compiling oled.c...
compiling adc.c...
compiling motor.c...
compiling IOI2C.c...
compiling encoder.c...
compiling exti.c...
compiling stmflash.c...
compiling can.c...
compiling usartx.c...
compiling GPIO_control.c...
compiling pstwo.c...
compiling control.c...
compiling filter.c...
compiling inv_mpu.c...
compiling inv_mpu_dmp_motion_driver.c...
compiling DataScope_DP.C...
compiling MPU6050.c...
compiling show.c...
linking...
Program Size: Code=46590 RO-data=6602 RW-data=608 ZI-data=3984  
FromELF: creating hex file...
"..\OBJ\Minibalance.axf" - 0 Error(s), 0 Warning(s).
Build Time Elapsed:  00:00:10
</pre>
</body>
</html>
